// Jest Snapshot v1, https://goo.gl/fbAQLP

exports[`Layout renders children correctly 1`] = `
<div
  className="App"
>
  <div>
    <div
      className="ButtonAppBar-root-1"
    >
      <header
        className="MuiPaper-root-11 MuiPaper-shadow4-17 MuiAppBar-root-4 MuiAppBar-positionStatic-7 MuiAppBar-colorPrimary-9"
      >
        <div
          className="MuiToolbar-root-38 MuiToolbar-gutters-39"
        >
          <button
            aria-label="Menu"
            className="MuiButtonBase-root-49 MuiIconButton-root-40 MuiIconButton-colorContrast-42 ButtonAppBar-menuButton-2"
            disabled={false}
            onBlur={[Function]}
            onFocus={[Function]}
            onKeyDown={[Function]}
            onKeyUp={[Function]}
            onMouseDown={[Function]}
            onMouseLeave={[Function]}
            onMouseUp={[Function]}
            onTouchEnd={[Function]}
            onTouchMove={[Function]}
            onTouchStart={[Function]}
            role="button"
            tabIndex={0}
            type="button"
          >
            <span
              className="MuiIconButton-label-46"
            >
              <svg
                aria-hidden="true"
                className="MuiSvgIcon-root-51 MuiIconButton-icon-47"
                focusable="false"
                viewBox="0 0 24 24"
              >
                <path
                  d="M3 18h18v-2H3v2zm0-5h18v-2H3v2zm0-7v2h18V6H3z"
                />
              </svg>
            </span>
            <span
              className="MuiTouchRipple-root-52"
            />
          </button>
          <a
            className="ButtonAppBar-brand-3"
            href="/"
            onClick={[Function]}
          >
            <h2
              className="MuiTypography-root-59 MuiTypography-title-65 MuiTypography-colorInherit-78"
            >
              Test
            </h2>
          </a>
        </div>
      </header>
    </div>
  </div>
  <p>
    Welcome to light portal
  </p>
</div>
`;
